
22:05:06.474 [GoogleTasks-Poller] ERROR GoogleTasksService - 拉取 Google Tasks 失败
javax.net.ssl.SSLException: Read timed out
	at sun.security.ssl.Alert.createSSLException(Alert.java:127)
	at sun.security.ssl.TransportContext.fatal(TransportContext.java:331)
	at sun.security.ssl.TransportContext.fatal(TransportContext.java:274)
	at sun.security.ssl.TransportContext.fatal(TransportContext.java:269)
	at sun.security.ssl.SSLTransport.decode(SSLTransport.java:138)
	at sun.security.ssl.SSLSocketImpl.decode(SSLSocketImpl.java:1401)
	at sun.security.ssl.SSLSocketImpl.readHandshakeRecord(SSLSocketImpl.java:1309)
	at sun.security.ssl.SSLSocketImpl.startHandshake(SSLSocketImpl.java:440)
	at sun.net.www.protocol.https.HttpsClient.afterConnect(HttpsClient.java:559)
	at sun.net.www.protocol.https.AbstractDelegateHttpsURLConnection.connect(AbstractDelegateHttpsURLConnection.java:197)
	at sun.net.www.protocol.https.HttpsURLConnectionImpl.connect(HttpsURLConnectionImpl.java:167)
	at com.google.api.client.http.javanet.NetHttpRequest.execute(NetHttpRequest.java:151)
	at com.google.api.client.http.javanet.NetHttpRequest.execute(NetHttpRequest.java:84)
	at com.google.api.client.http.HttpRequest.execute(HttpRequest.java:1012)
	at com.google.api.client.googleapis.services.AbstractGoogleClientRequest.executeUnparsed(AbstractGoogleClientRequest.java:552)
	at com.google.api.client.googleapis.services.AbstractGoogleClientRequest.executeUnparsed(AbstractGoogleClientRequest.java:493)
	at com.google.api.client.googleapis.services.AbstractGoogleClientRequest.execute(AbstractGoogleClientRequest.java:603)
	at GoogleTasksService.fetchAndWriteUpcomingTasks(GoogleTasksService.java:163)
	at VPNHeartbeatTray.lambda$startTasksLoop$1(VPNHeartbeatTray.java:70)
	at java.lang.Thread.run(Thread.java:750)
Caused by: java.net.SocketTimeoutException: Read timed out
	at java.net.SocketInputStream.socketRead0(Native Method)
	at java.net.SocketInputStream.socketRead(SocketInputStream.java:116)
	at java.net.SocketInputStream.read(SocketInputStream.java:171)
	at java.net.SocketInputStream.read(SocketInputStream.java:141)
	at sun.security.ssl.SSLSocketInputRecord.read(SSLSocketInputRecord.java:464)
	at sun.security.ssl.SSLSocketInputRecord.decode(SSLSocketInputRecord.java:165)
	at sun.security.ssl.SSLTransport.decode(SSLTransport.java:109)
	... 15 common frames omitted
23:08:45.079 [GoogleTasks-Poller] ERROR GoogleTasksService - 拉取 Google Tasks 失败
java.net.SocketTimeoutException: connect timed out
	at java.net.DualStackPlainSocketImpl.waitForConnect(Native Method)
	at java.net.DualStackPlainSocketImpl.socketConnect(DualStackPlainSocketImpl.java:85)
	at java.net.AbstractPlainSocketImpl.doConnect(AbstractPlainSocketImpl.java:350)
	at java.net.AbstractPlainSocketImpl.connectToAddress(AbstractPlainSocketImpl.java:206)
	at java.net.AbstractPlainSocketImpl.connect(AbstractPlainSocketImpl.java:188)
	at java.net.PlainSocketImpl.connect(PlainSocketImpl.java:172)
	at java.net.SocksSocketImpl.connect(SocksSocketImpl.java:392)
	at java.net.Socket.connect(Socket.java:607)
	at sun.security.ssl.SSLSocketImpl.connect(SSLSocketImpl.java:293)
	at sun.net.NetworkClient.doConnect(NetworkClient.java:175)
	at sun.net.www.http.HttpClient.openServer(HttpClient.java:463)
	at sun.net.www.http.HttpClient.openServer(HttpClient.java:558)
	at sun.net.www.protocol.https.HttpsClient.<init>(HttpsClient.java:264)
	at sun.net.www.protocol.https.HttpsClient.New(HttpsClient.java:367)
	at sun.net.www.protocol.https.AbstractDelegateHttpsURLConnection.getNewHttpClient(AbstractDelegateHttpsURLConnection.java:203)
	at sun.net.www.protocol.http.HttpURLConnection.plainConnect0(HttpURLConnection.java:1162)
	at sun.net.www.protocol.http.HttpURLConnection.plainConnect(HttpURLConnection.java:1056)
	at sun.net.www.protocol.https.AbstractDelegateHttpsURLConnection.connect(AbstractDelegateHttpsURLConnection.java:189)
	at sun.net.www.protocol.https.HttpsURLConnectionImpl.connect(HttpsURLConnectionImpl.java:167)
	at com.google.api.client.http.javanet.NetHttpRequest.execute(NetHttpRequest.java:151)
	at com.google.api.client.http.javanet.NetHttpRequest.execute(NetHttpRequest.java:84)
	at com.google.api.client.http.HttpRequest.execute(HttpRequest.java:1012)
	at com.google.api.client.googleapis.services.AbstractGoogleClientRequest.executeUnparsed(AbstractGoogleClientRequest.java:552)
	at com.google.api.client.googleapis.services.AbstractGoogleClientRequest.executeUnparsed(AbstractGoogleClientRequest.java:493)
	at com.google.api.client.googleapis.services.AbstractGoogleClientRequest.execute(AbstractGoogleClientRequest.java:603)
	at GoogleTasksService.fetchAndWriteUpcomingTasks(GoogleTasksService.java:163)
	at VPNHeartbeatTray.lambda$startTasksLoop$1(VPNHeartbeatTray.java:70)
	at java.lang.Thread.run(Thread.java:750)
	00:16:05.901 [GoogleTasks-Poller] ERROR GoogleTasksService - 拉取 Google Tasks 失败
com.google.api.client.auth.oauth2.TokenResponseException: 400 Bad Request
POST https://oauth2.googleapis.com/token
{
  "error": "invalid_grant",
  "error_description": "Token has been expired or revoked."
}
	at com.google.api.client.auth.oauth2.TokenResponseException.from(TokenResponseException.java:103)
	at com.google.api.client.auth.oauth2.TokenRequest.executeUnparsed(TokenRequest.java:308)
	at com.google.api.client.auth.oauth2.TokenRequest.execute(TokenRequest.java:324)
	at com.google.api.client.auth.oauth2.Credential.executeRefreshToken(Credential.java:547)
	at com.google.api.client.auth.oauth2.Credential.refreshToken(Credential.java:470)
	at com.google.api.client.auth.oauth2.Credential.intercept(Credential.java:201)
	at com.google.api.client.http.HttpRequest.execute(HttpRequest.java:880)
	at com.google.api.client.googleapis.services.AbstractGoogleClientRequest.executeUnparsed(AbstractGoogleClientRequest.java:552)
	at com.google.api.client.googleapis.services.AbstractGoogleClientRequest.executeUnparsed(AbstractGoogleClientRequest.java:493)
	at com.google.api.client.googleapis.services.AbstractGoogleClientRequest.execute(AbstractGoogleClientRequest.java:603)
	at GoogleTasksService.fetchAndWriteUpcomingTasks(GoogleTasksService.java:163)
	at VPNHeartbeatTray.lambda$startTasksLoop$1(VPNHeartbeatTray.java:70)
	at java.lang.Thread.run(Thread.java:750)
00:21:06.628 [GoogleTasks-Poller] ERROR GoogleTasksService - 拉取 Google Tasks 失败
com.google.api.client.auth.oauth2.TokenResponseException: 400 Bad Request
POST https://oauth2.googleapis.com/token
{
  "error": "invalid_grant",
  "error_description": "Token has been expired or revoked."
}
	at com.google.api.client.auth.oauth2.TokenResponseException.from(TokenResponseException.java:103)
	at com.google.api.client.auth.oauth2.TokenRequest.executeUnparsed(TokenRequest.java:308)
	at com.google.api.client.auth.oauth2.TokenRequest.execute(TokenRequest.java:324)
	at com.google.api.client.auth.oauth2.Credential.executeRefreshToken(Credential.java:547)
	at com.google.api.client.auth.oauth2.Credential.refreshToken(Credential.java:470)
	at com.google.api.client.auth.oauth2.Credential.intercept(Credential.java:201)
	at com.google.api.client.http.HttpRequest.execute(HttpRequest.java:880)
	at com.google.api.client.googleapis.services.AbstractGoogleClientRequest.executeUnparsed(AbstractGoogleClientRequest.java:552)
	at com.google.api.client.googleapis.services.AbstractGoogleClientRequest.executeUnparsed(AbstractGoogleClientRequest.java:493)
	at com.google.api.client.googleapis.services.AbstractGoogleClientRequest.execute(AbstractGoogleClientRequest.java:603)
	at GoogleTasksService.fetchAndWriteUpcomingTasks(GoogleTasksService.java:163)
	at VPNHeartbeatTray.lambda$startTasksLoop$1(VPNHeartbeatTray.java:70)
	at java.lang.Thread.run(Thread.java:750)
00:26:07.377 [GoogleTasks-Poller] ERROR GoogleTasksService - 拉取 Google Tasks 失败
com.google.api.client.auth.oauth2.TokenResponseException: 400 Bad Request
POST https://oauth2.googleapis.com/token
{
  "error": "invalid_grant",
  "error_description": "Token has been expired or revoked."
}
	at com.google.api.client.auth.oauth2.TokenResponseException.from(TokenResponseException.java:103)
	at com.google.api.client.auth.oauth2.TokenRequest.executeUnparsed(TokenRequest.java:308)
	at com.google.api.client.auth.oauth2.TokenRequest.execute(TokenRequest.java:324)
	at com.google.api.client.auth.oauth2.Credential.executeRefreshToken(Credential.java:547)
	at com.google.api.client.auth.oauth2.Credential.refreshToken(Credential.java:470)
	at com.google.api.client.auth.oauth2.Credential.intercept(Credential.java:201)
	at com.google.api.client.http.HttpRequest.execute(HttpRequest.java:880)
	at com.google.api.client.googleapis.services.AbstractGoogleClientRequest.executeUnparsed(AbstractGoogleClientRequest.java:552)
	at com.google.api.client.googleapis.services.AbstractGoogleClientRequest.executeUnparsed(AbstractGoogleClientRequest.java:493)
	at com.google.api.client.googleapis.services.AbstractGoogleClientRequest.execute(AbstractGoogleClientRequest.java:603)
	at GoogleTasksService.fetchAndWriteUpcomingTasks(GoogleTasksService.java:163)
	at VPNHeartbeatTray.lambda$startTasksLoop$1(VPNHeartbeatTray.java:70)
	at java.lang.Thread.run(Thread.java:750)
00:31:08.106 [GoogleTasks-Poller] ERROR GoogleTasksService - 拉取 Google Tasks 失败
com.google.api.client.auth.oauth2.TokenResponseException: 400 Bad Request
POST https://oauth2.googleapis.com/token
{
  "error": "invalid_grant",
  "error_description": "Token has been expired or revoked."
}
	at com.google.api.client.auth.oauth2.TokenResponseException.from(TokenResponseException.java:103)
	at com.google.api.client.auth.oauth2.TokenRequest.executeUnparsed(TokenRequest.java:308)
	at com.google.api.client.auth.oauth2.TokenRequest.execute(TokenRequest.java:324)
	at com.google.api.client.auth.oauth2.Credential.executeRefreshToken(Credential.java:547)
	at com.google.api.client.auth.oauth2.Credential.refreshToken(Credential.java:470)
	at com.google.api.client.auth.oauth2.Credential.intercept(Credential.java:201)
	at com.google.api.client.http.HttpRequest.execute(HttpRequest.java:880)
	at com.google.api.client.googleapis.services.AbstractGoogleClientRequest.executeUnparsed(AbstractGoogleClientRequest.java:552)
	at com.google.api.client.googleapis.services.AbstractGoogleClientRequest.executeUnparsed(AbstractGoogleClientRequest.java:493)
	at com.google.api.client.googleapis.services.AbstractGoogleClientRequest.execute(AbstractGoogleClientRequest.java:603)
	at GoogleTasksService.fetchAndWriteUpcomingTasks(GoogleTasksService.java:163)
	at VPNHeartbeatTray.lambda$startTasksLoop$1(VPNHeartbeatTray.java:70)
	at java.lang.Thread.run(Thread.java:750)
00:36:08.820 [GoogleTasks-Poller] ERROR GoogleTasksService - 拉取 Google Tasks 失败
com.google.api.client.auth.oauth2.TokenResponseException: 400 Bad Request
POST https://oauth2.googleapis.com/token
{
  "error": "invalid_grant",
  "error_description": "Token has been expired or revoked."
}
	at com.google.api.client.auth.oauth2.TokenResponseException.from(TokenResponseException.java:103)
	at com.google.api.client.auth.oauth2.TokenRequest.executeUnparsed(TokenRequest.java:308)
	at com.google.api.client.auth.oauth2.TokenRequest.execute(TokenRequest.java:324)
	at com.google.api.client.auth.oauth2.Credential.executeRefreshToken(Credential.java:547)
	at com.google.api.client.auth.oauth2.Credential.refreshToken(Credential.java:470)
	at com.google.api.client.auth.oauth2.Credential.intercept(Credential.java:201)
	at com.google.api.client.http.HttpRequest.execute(HttpRequest.java:880)
	at com.google.api.client.googleapis.services.AbstractGoogleClientRequest.executeUnparsed(AbstractGoogleClientRequest.java:552)
	at com.google.api.client.googleapis.services.AbstractGoogleClientRequest.executeUnparsed(AbstractGoogleClientRequest.java:493)
	at com.google.api.client.googleapis.services.AbstractGoogleClientRequest.execute(AbstractGoogleClientRequest.java:603)
	at GoogleTasksService.fetchAndWriteUpcomingTasks(GoogleTasksService.java:163)
	at VPNHeartbeatTray.lambda$startTasksLoop$1(VPNHeartbeatTray.java:70)
	at java.lang.Thread.run(Thread.java:750)
00:41:09.576 [GoogleTasks-Poller] ERROR GoogleTasksService - 拉取 Google Tasks 失败
com.google.api.client.auth.oauth2.TokenResponseException: 400 Bad Request
POST https://oauth2.googleapis.com/token
{
  "error": "invalid_grant",
  "error_description": "Token has been expired or revoked."
}
	at com.google.api.client.auth.oauth2.TokenResponseException.from(TokenResponseException.java:103)
	at com.google.api.client.auth.oauth2.TokenRequest.executeUnparsed(TokenRequest.java:308)
	at com.google.api.client.auth.oauth2.TokenRequest.execute(TokenRequest.java:324)
	at com.google.api.client.auth.oauth2.Credential.executeRefreshToken(Credential.java:547)
	at com.google.api.client.auth.oauth2.Credential.refreshToken(Credential.java:470)
	at com.google.api.client.auth.oauth2.Credential.intercept(Credential.java:201)
	at com.google.api.client.http.HttpRequest.execute(HttpRequest.java:880)
	at com.google.api.client.googleapis.services.AbstractGoogleClientRequest.executeUnparsed(AbstractGoogleClientRequest.java:552)
	at com.google.api.client.googleapis.services.AbstractGoogleClientRequest.executeUnparsed(AbstractGoogleClientRequest.java:493)
	at com.google.api.client.googleapis.services.AbstractGoogleClientRequest.execute(AbstractGoogleClientRequest.java:603)
	at GoogleTasksService.fetchAndWriteUpcomingTasks(GoogleTasksService.java:163)
	at VPNHeartbeatTray.lambda$startTasksLoop$1(VPNHeartbeatTray.java:70)
	at java.lang.Thread.run(Thread.java:750)
00:46:10.268 [GoogleTasks-Poller] ERROR GoogleTasksService - 拉取 Google Tasks 失败
com.google.api.client.auth.oauth2.TokenResponseException: 400 Bad Request
POST https://oauth2.googleapis.com/token
{
  "error": "invalid_grant",
  "error_description": "Token has been expired or revoked."
}
	at com.google.api.client.auth.oauth2.TokenResponseException.from(TokenResponseException.java:103)
	at com.google.api.client.auth.oauth2.TokenRequest.executeUnparsed(TokenRequest.java:308)
	at com.google.api.client.auth.oauth2.TokenRequest.execute(TokenRequest.java:324)
	at com.google.api.client.auth.oauth2.Credential.executeRefreshToken(Credential.java:547)
	at com.google.api.client.auth.oauth2.Credential.refreshToken(Credential.java:470)
	at com.google.api.client.auth.oauth2.Credential.intercept(Credential.java:201)
	at com.google.api.client.http.HttpRequest.execute(HttpRequest.java:880)
	at com.google.api.client.googleapis.services.AbstractGoogleClientRequest.executeUnparsed(AbstractGoogleClientRequest.java:552)
	at com.google.api.client.googleapis.services.AbstractGoogleClientRequest.executeUnparsed(AbstractGoogleClientRequest.java:493)
	at com.google.api.client.googleapis.services.AbstractGoogleClientRequest.execute(AbstractGoogleClientRequest.java:603)
	at GoogleTasksService.fetchAndWriteUpcomingTasks(GoogleTasksService.java:163)
	at VPNHeartbeatTray.lambda$startTasksLoop$1(VPNHeartbeatTray.java:70)
	at java.lang.Thread.run(Thread.java:750)
00:51:10.970 [GoogleTasks-Poller] ERROR GoogleTasksService - 拉取 Google Tasks 失败
com.google.api.client.auth.oauth2.TokenResponseException: 400 Bad Request
POST https://oauth2.googleapis.com/token
{
  "error": "invalid_grant",
  "error_description": "Token has been expired or revoked."
}
	at com.google.api.client.auth.oauth2.TokenResponseException.from(TokenResponseException.java:103)
	at com.google.api.client.auth.oauth2.TokenRequest.executeUnparsed(TokenRequest.java:308)
	at com.google.api.client.auth.oauth2.TokenRequest.execute(TokenRequest.java:324)
	at com.google.api.client.auth.oauth2.Credential.executeRefreshToken(Credential.java:547)
	at com.google.api.client.auth.oauth2.Credential.refreshToken(Credential.java:470)
	at com.google.api.client.auth.oauth2.Credential.intercept(Credential.java:201)
	at com.google.api.client.http.HttpRequest.execute(HttpRequest.java:880)
	at com.google.api.client.googleapis.services.AbstractGoogleClientRequest.executeUnparsed(AbstractGoogleClientRequest.java:552)
	at com.google.api.client.googleapis.services.AbstractGoogleClientRequest.executeUnparsed(AbstractGoogleClientRequest.java:493)
	at com.google.api.client.googleapis.services.AbstractGoogleClientRequest.execute(AbstractGoogleClientRequest.java:603)
	at GoogleTasksService.fetchAndWriteUpcomingTasks(GoogleTasksService.java:163)
	at VPNHeartbeatTray.lambda$startTasksLoop$1(VPNHeartbeatTray.java:70)
	at java.lang.Thread.run(Thread.java:750)
00:56:11.701 [GoogleTasks-Poller] ERROR GoogleTasksService - 拉取 Google Tasks 失败
com.google.api.client.auth.oauth2.TokenResponseException: 400 Bad Request
POST https://oauth2.googleapis.com/token
{
  "error": "invalid_grant",
  "error_description": "Token has been expired or revoked."
}
	at com.google.api.client.auth.oauth2.TokenResponseException.from(TokenResponseException.java:103)
	at com.google.api.client.auth.oauth2.TokenRequest.executeUnparsed(TokenRequest.java:308)
	at com.google.api.client.auth.oauth2.TokenRequest.execute(TokenRequest.java:324)
	at com.google.api.client.auth.oauth2.Credential.executeRefreshToken(Credential.java:547)
	at com.google.api.client.auth.oauth2.Credential.refreshToken(Credential.java:470)
	at com.google.api.client.auth.oauth2.Credential.intercept(Credential.java:201)
	at com.google.api.client.http.HttpRequest.execute(HttpRequest.java:880)
	at com.google.api.client.googleapis.services.AbstractGoogleClientRequest.executeUnparsed(AbstractGoogleClientRequest.java:552)
	at com.google.api.client.googleapis.services.AbstractGoogleClientRequest.executeUnparsed(AbstractGoogleClientRequest.java:493)
	at com.google.api.client.googleapis.services.AbstractGoogleClientRequest.execute(AbstractGoogleClientRequest.java:603)
	at GoogleTasksService.fetchAndWriteUpcomingTasks(GoogleTasksService.java:163)
	at VPNHeartbeatTray.lambda$startTasksLoop$1(VPNHeartbeatTray.java:70)
	at java.lang.Thread.run(Thread.java:750)
01:01:12.423 [GoogleTasks-Poller] ERROR GoogleTasksService - 拉取 Google Tasks 失败
com.google.api.client.auth.oauth2.TokenResponseException: 400 Bad Request
POST https://oauth2.googleapis.com/token
{
  "error": "invalid_grant",
  "error_description": "Token has been expired or revoked."
}
	at com.google.api.client.auth.oauth2.TokenResponseException.from(TokenResponseException.java:103)
	at com.google.api.client.auth.oauth2.TokenRequest.executeUnparsed(TokenRequest.java:308)
	at com.google.api.client.auth.oauth2.TokenRequest.execute(TokenRequest.java:324)
	at com.google.api.client.auth.oauth2.Credential.executeRefreshToken(Credential.java:547)
	at com.google.api.client.auth.oauth2.Credential.refreshToken(Credential.java:470)
	at com.google.api.client.auth.oauth2.Credential.intercept(Credential.java:201)
	at com.google.api.client.http.HttpRequest.execute(HttpRequest.java:880)
	at com.google.api.client.googleapis.services.AbstractGoogleClientRequest.executeUnparsed(AbstractGoogleClientRequest.java:552)
	at com.google.api.client.googleapis.services.AbstractGoogleClientRequest.executeUnparsed(AbstractGoogleClientRequest.java:493)
	at com.google.api.client.googleapis.services.AbstractGoogleClientRequest.execute(AbstractGoogleClientRequest.java:603)
	at GoogleTasksService.fetchAndWriteUpcomingTasks(GoogleTasksService.java:163)
	at VPNHeartbeatTray.lambda$startTasksLoop$1(VPNHeartbeatTray.java:70)
	at java.lang.Thread.run(Thread.java:750)
01:06:13.180 [GoogleTasks-Poller] ERROR GoogleTasksService - 拉取 Google Tasks 失败
com.google.api.client.auth.oauth2.TokenResponseException: 400 Bad Request
POST https://oauth2.googleapis.com/token
{
  "error": "invalid_grant",
  "error_description": "Token has been expired or revoked."
}
	at com.google.api.client.auth.oauth2.TokenResponseException.from(TokenResponseException.java:103)
	at com.google.api.client.auth.oauth2.TokenRequest.executeUnparsed(TokenRequest.java:308)
	at com.google.api.client.auth.oauth2.TokenRequest.execute(TokenRequest.java:324)
	at com.google.api.client.auth.oauth2.Credential.executeRefreshToken(Credential.java:547)
	at com.google.api.client.auth.oauth2.Credential.refreshToken(Credential.java:470)
	at com.google.api.client.auth.oauth2.Credential.intercept(Credential.java:201)
	at com.google.api.client.http.HttpRequest.execute(HttpRequest.java:880)
	at com.google.api.client.googleapis.services.AbstractGoogleClientRequest.executeUnparsed(AbstractGoogleClientRequest.java:552)
	at com.google.api.client.googleapis.services.AbstractGoogleClientRequest.executeUnparsed(AbstractGoogleClientRequest.java:493)
	at com.google.api.client.googleapis.services.AbstractGoogleClientRequest.execute(AbstractGoogleClientRequest.java:603)
	at GoogleTasksService.fetchAndWriteUpcomingTasks(GoogleTasksService.java:163)
	at VPNHeartbeatTray.lambda$startTasksLoop$1(VPNHeartbeatTray.java:70)
	at java.lang.Thread.run(Thread.java:750)
08:33:55.663 [GoogleTasks-Poller] ERROR GoogleTasksService - 拉取 Google Tasks 失败
com.google.api.client.auth.oauth2.TokenResponseException: 400 Bad Request
POST https://oauth2.googleapis.com/token
{
  "error": "invalid_grant",
  "error_description": "Token has been expired or revoked."
}
	at com.google.api.client.auth.oauth2.TokenResponseException.from(TokenResponseException.java:103)
	at com.google.api.client.auth.oauth2.TokenRequest.executeUnparsed(TokenRequest.java:308)
	at com.google.api.client.auth.oauth2.TokenRequest.execute(TokenRequest.java:324)
	at com.google.api.client.auth.oauth2.Credential.executeRefreshToken(Credential.java:547)
	at com.google.api.client.auth.oauth2.Credential.refreshToken(Credential.java:470)
	at com.google.api.client.auth.oauth2.Credential.intercept(Credential.java:201)
	at com.google.api.client.http.HttpRequest.execute(HttpRequest.java:880)
	at com.google.api.client.googleapis.services.AbstractGoogleClientRequest.executeUnparsed(AbstractGoogleClientRequest.java:552)
	at com.google.api.client.googleapis.services.AbstractGoogleClientRequest.executeUnparsed(AbstractGoogleClientRequest.java:493)
	at com.google.api.client.googleapis.services.AbstractGoogleClientRequest.execute(AbstractGoogleClientRequest.java:603)
	at GoogleTasksService.fetchAndWriteUpcomingTasks(GoogleTasksService.java:163)
	at VPNHeartbeatTray.lambda$startTasksLoop$1(VPNHeartbeatTray.java:70)
	at java.lang.Thread.run(Thread.java:750)
08:37:54.886 [GoogleTasks-Poller] ERROR GoogleTasksService - 拉取 Google Tasks 失败
com.google.api.client.auth.oauth2.TokenResponseException: 400 Bad Request
POST https://oauth2.googleapis.com/token
{
  "error": "invalid_grant",
  "error_description": "Token has been expired or revoked."
}
	at com.google.api.client.auth.oauth2.TokenResponseException.from(TokenResponseException.java:103)
	at com.google.api.client.auth.oauth2.TokenRequest.executeUnparsed(TokenRequest.java:308)
	at com.google.api.client.auth.oauth2.TokenRequest.execute(TokenRequest.java:324)
	at com.google.api.client.auth.oauth2.Credential.executeRefreshToken(Credential.java:547)
	at com.google.api.client.auth.oauth2.Credential.refreshToken(Credential.java:470)
	at com.google.api.client.auth.oauth2.Credential.intercept(Credential.java:201)
	at com.google.api.client.http.HttpRequest.execute(HttpRequest.java:880)
	at com.google.api.client.googleapis.services.AbstractGoogleClientRequest.executeUnparsed(AbstractGoogleClientRequest.java:552)
	at com.google.api.client.googleapis.services.AbstractGoogleClientRequest.executeUnparsed(AbstractGoogleClientRequest.java:493)
	at com.google.api.client.googleapis.services.AbstractGoogleClientRequest.execute(AbstractGoogleClientRequest.java:603)
	at GoogleTasksService.fetchAndWriteUpcomingTasks(GoogleTasksService.java:163)
	at VPNHeartbeatTray.lambda$startTasksLoop$1(VPNHeartbeatTray.java:70)
	at java.lang.Thread.run(Thread.java:750)
08:43:06.944 [GoogleTasks-Poller] ERROR GoogleTasksService - 拉取 Google Tasks 失败
java.net.UnknownHostException: oauth2.googleapis.com
	at java.net.AbstractPlainSocketImpl.connect(AbstractPlainSocketImpl.java:184)
	at java.net.PlainSocketImpl.connect(PlainSocketImpl.java:172)
	at java.net.SocksSocketImpl.connect(SocksSocketImpl.java:392)
	at java.net.Socket.connect(Socket.java:607)
	at sun.security.ssl.SSLSocketImpl.connect(SSLSocketImpl.java:293)
	at sun.net.NetworkClient.doConnect(NetworkClient.java:175)
	at sun.net.www.http.HttpClient.openServer(HttpClient.java:463)
	at sun.net.www.http.HttpClient.openServer(HttpClient.java:558)
	at sun.net.www.protocol.https.HttpsClient.<init>(HttpsClient.java:264)
	at sun.net.www.protocol.https.HttpsClient.New(HttpsClient.java:367)
	at sun.net.www.protocol.https.AbstractDelegateHttpsURLConnection.getNewHttpClient(AbstractDelegateHttpsURLConnection.java:203)
	at sun.net.www.protocol.http.HttpURLConnection.plainConnect0(HttpURLConnection.java:1162)
	at sun.net.www.protocol.http.HttpURLConnection.plainConnect(HttpURLConnection.java:1056)
	at sun.net.www.protocol.https.AbstractDelegateHttpsURLConnection.connect(AbstractDelegateHttpsURLConnection.java:189)
	at sun.net.www.protocol.http.HttpURLConnection.getOutputStream0(HttpURLConnection.java:1342)
	at sun.net.www.protocol.http.HttpURLConnection.getOutputStream(HttpURLConnection.java:1317)
	at sun.net.www.protocol.https.HttpsURLConnectionImpl.getOutputStream(HttpsURLConnectionImpl.java:264)
	at com.google.api.client.http.javanet.NetHttpRequest.execute(NetHttpRequest.java:113)
	at com.google.api.client.http.javanet.NetHttpRequest.execute(NetHttpRequest.java:84)
	at com.google.api.client.http.HttpRequest.execute(HttpRequest.java:1012)
	at com.google.api.client.auth.oauth2.TokenRequest.executeUnparsed(TokenRequest.java:304)
	at com.google.api.client.auth.oauth2.TokenRequest.execute(TokenRequest.java:324)
	at com.google.api.client.auth.oauth2.Credential.executeRefreshToken(Credential.java:547)
	at com.google.api.client.auth.oauth2.Credential.refreshToken(Credential.java:470)
	at com.google.api.client.auth.oauth2.Credential.intercept(Credential.java:201)
	at com.google.api.client.http.HttpRequest.execute(HttpRequest.java:880)
	at com.google.api.client.googleapis.services.AbstractGoogleClientRequest.executeUnparsed(AbstractGoogleClientRequest.java:552)
	at com.google.api.client.googleapis.services.AbstractGoogleClientRequest.executeUnparsed(AbstractGoogleClientRequest.java:493)
	at com.google.api.client.googleapis.services.AbstractGoogleClientRequest.execute(AbstractGoogleClientRequest.java:603)
	at GoogleTasksService.fetchAndWriteUpcomingTasks(GoogleTasksService.java:163)
	at VPNHeartbeatTray.lambda$startTasksLoop$1(VPNHeartbeatTray.java:70)
	at java.lang.Thread.run(Thread.java:750)
08:48:39.023 [GoogleTasks-Poller] ERROR GoogleTasksService - 拉取 Google Tasks 失败
javax.net.ssl.SSLException: Read timed out
	at sun.security.ssl.Alert.createSSLException(Alert.java:127)
	at sun.security.ssl.TransportContext.fatal(TransportContext.java:331)
	at sun.security.ssl.TransportContext.fatal(TransportContext.java:274)
	at sun.security.ssl.TransportContext.fatal(TransportContext.java:269)
	at sun.security.ssl.SSLTransport.decode(SSLTransport.java:138)
	at sun.security.ssl.SSLSocketImpl.decode(SSLSocketImpl.java:1401)
	at sun.security.ssl.SSLSocketImpl.readHandshakeRecord(SSLSocketImpl.java:1309)
	at sun.security.ssl.SSLSocketImpl.startHandshake(SSLSocketImpl.java:440)
	at sun.net.www.protocol.https.HttpsClient.afterConnect(HttpsClient.java:559)
	at sun.net.www.protocol.https.AbstractDelegateHttpsURLConnection.connect(AbstractDelegateHttpsURLConnection.java:197)
	at sun.net.www.protocol.http.HttpURLConnection.getOutputStream0(HttpURLConnection.java:1342)
	at sun.net.www.protocol.http.HttpURLConnection.getOutputStream(HttpURLConnection.java:1317)
	at sun.net.www.protocol.https.HttpsURLConnectionImpl.getOutputStream(HttpsURLConnectionImpl.java:264)
	at com.google.api.client.http.javanet.NetHttpRequest.execute(NetHttpRequest.java:113)
	at com.google.api.client.http.javanet.NetHttpRequest.execute(NetHttpRequest.java:84)
	at com.google.api.client.http.HttpRequest.execute(HttpRequest.java:1012)
	at com.google.api.client.auth.oauth2.TokenRequest.executeUnparsed(TokenRequest.java:304)
	at com.google.api.client.auth.oauth2.TokenRequest.execute(TokenRequest.java:324)
	at com.google.api.client.auth.oauth2.Credential.executeRefreshToken(Credential.java:547)
	at com.google.api.client.auth.oauth2.Credential.refreshToken(Credential.java:470)
	at com.google.api.client.auth.oauth2.Credential.intercept(Credential.java:201)
	at com.google.api.client.http.HttpRequest.execute(HttpRequest.java:880)
	at com.google.api.client.googleapis.services.AbstractGoogleClientRequest.executeUnparsed(AbstractGoogleClientRequest.java:552)
	at com.google.api.client.googleapis.services.AbstractGoogleClientRequest.executeUnparsed(AbstractGoogleClientRequest.java:493)
	at com.google.api.client.googleapis.services.AbstractGoogleClientRequest.execute(AbstractGoogleClientRequest.java:603)
	at GoogleTasksService.fetchAndWriteUpcomingTasks(GoogleTasksService.java:163)
	at VPNHeartbeatTray.lambda$startTasksLoop$1(VPNHeartbeatTray.java:70)
	at java.lang.Thread.run(Thread.java:750)
Caused by: java.net.SocketTimeoutException: Read timed out
	at java.net.SocketInputStream.socketRead0(Native Method)
	at java.net.SocketInputStream.socketRead(SocketInputStream.java:116)
	at java.net.SocketInputStream.read(SocketInputStream.java:171)
	at java.net.SocketInputStream.read(SocketInputStream.java:141)
	at sun.security.ssl.SSLSocketInputRecord.read(SSLSocketInputRecord.java:464)
	at sun.security.ssl.SSLSocketInputRecord.decode(SSLSocketInputRecord.java:165)
	at sun.security.ssl.SSLTransport.decode(SSLTransport.java:109)
	... 23 common frames omitted
08:53:39.032 [GoogleTasks-Poller] ERROR GoogleTasksService - 拉取 Google Tasks 失败
java.net.UnknownHostException: oauth2.googleapis.com
	at java.net.AbstractPlainSocketImpl.connect(AbstractPlainSocketImpl.java:184)
	at java.net.PlainSocketImpl.connect(PlainSocketImpl.java:172)
	at java.net.SocksSocketImpl.connect(SocksSocketImpl.java:392)
	at java.net.Socket.connect(Socket.java:607)
	at sun.security.ssl.SSLSocketImpl.connect(SSLSocketImpl.java:293)
	at sun.net.NetworkClient.doConnect(NetworkClient.java:175)
	at sun.net.www.http.HttpClient.openServer(HttpClient.java:463)
	at sun.net.www.http.HttpClient.openServer(HttpClient.java:558)
	at sun.net.www.protocol.https.HttpsClient.<init>(HttpsClient.java:264)
	at sun.net.www.protocol.https.HttpsClient.New(HttpsClient.java:367)
	at sun.net.www.protocol.https.AbstractDelegateHttpsURLConnection.getNewHttpClient(AbstractDelegateHttpsURLConnection.java:203)
	at sun.net.www.protocol.http.HttpURLConnection.plainConnect0(HttpURLConnection.java:1162)
	at sun.net.www.protocol.http.HttpURLConnection.plainConnect(HttpURLConnection.java:1056)
	at sun.net.www.protocol.https.AbstractDelegateHttpsURLConnection.connect(AbstractDelegateHttpsURLConnection.java:189)
	at sun.net.www.protocol.http.HttpURLConnection.getOutputStream0(HttpURLConnection.java:1342)
	at sun.net.www.protocol.http.HttpURLConnection.getOutputStream(HttpURLConnection.java:1317)
	at sun.net.www.protocol.https.HttpsURLConnectionImpl.getOutputStream(HttpsURLConnectionImpl.java:264)
	at com.google.api.client.http.javanet.NetHttpRequest.execute(NetHttpRequest.java:113)
	at com.google.api.client.http.javanet.NetHttpRequest.execute(NetHttpRequest.java:84)
	at com.google.api.client.http.HttpRequest.execute(HttpRequest.java:1012)
	at com.google.api.client.auth.oauth2.TokenRequest.executeUnparsed(TokenRequest.java:304)
	at com.google.api.client.auth.oauth2.TokenRequest.execute(TokenRequest.java:324)
	at com.google.api.client.auth.oauth2.Credential.executeRefreshToken(Credential.java:547)
	at com.google.api.client.auth.oauth2.Credential.refreshToken(Credential.java:470)
	at com.google.api.client.auth.oauth2.Credential.intercept(Credential.java:201)
	at com.google.api.client.http.HttpRequest.execute(HttpRequest.java:880)
	at com.google.api.client.googleapis.services.AbstractGoogleClientRequest.executeUnparsed(AbstractGoogleClientRequest.java:552)
	at com.google.api.client.googleapis.services.AbstractGoogleClientRequest.executeUnparsed(AbstractGoogleClientRequest.java:493)
	at com.google.api.client.googleapis.services.AbstractGoogleClientRequest.execute(AbstractGoogleClientRequest.java:603)
	at GoogleTasksService.fetchAndWriteUpcomingTasks(GoogleTasksService.java:163)
	at VPNHeartbeatTray.lambda$startTasksLoop$1(VPNHeartbeatTray.java:70)
	at java.lang.Thread.run(Thread.java:750)
08:58:39.735 [GoogleTasks-Poller] ERROR GoogleTasksService - 拉取 Google Tasks 失败
com.google.api.client.auth.oauth2.TokenResponseException: 400 Bad Request
POST https://oauth2.googleapis.com/token
{
  "error": "invalid_grant",
  "error_description": "Token has been expired or revoked."
}
	at com.google.api.client.auth.oauth2.TokenResponseException.from(TokenResponseException.java:103)
	at com.google.api.client.auth.oauth2.TokenRequest.executeUnparsed(TokenRequest.java:308)
	at com.google.api.client.auth.oauth2.TokenRequest.execute(TokenRequest.java:324)
	at com.google.api.client.auth.oauth2.Credential.executeRefreshToken(Credential.java:547)
	at com.google.api.client.auth.oauth2.Credential.refreshToken(Credential.java:470)
	at com.google.api.client.auth.oauth2.Credential.intercept(Credential.java:201)
	at com.google.api.client.http.HttpRequest.execute(HttpRequest.java:880)
	at com.google.api.client.googleapis.services.AbstractGoogleClientRequest.executeUnparsed(AbstractGoogleClientRequest.java:552)
	at com.google.api.client.googleapis.services.AbstractGoogleClientRequest.executeUnparsed(AbstractGoogleClientRequest.java:493)
	at com.google.api.client.googleapis.services.AbstractGoogleClientRequest.execute(AbstractGoogleClientRequest.java:603)
	at GoogleTasksService.fetchAndWriteUpcomingTasks(GoogleTasksService.java:163)
	at VPNHeartbeatTray.lambda$startTasksLoop$1(VPNHeartbeatTray.java:70)
	at java.lang.Thread.run(Thread.java:750)
09:03:40.405 [GoogleTasks-Poller] ERROR GoogleTasksService - 拉取 Google Tasks 失败
com.google.api.client.auth.oauth2.TokenResponseException: 400 Bad Request
POST https://oauth2.googleapis.com/token
{
  "error": "invalid_grant",
  "error_description": "Token has been expired or revoked."
}
	at com.google.api.client.auth.oauth2.TokenResponseException.from(TokenResponseException.java:103)
	at com.google.api.client.auth.oauth2.TokenRequest.executeUnparsed(TokenRequest.java:308)
	at com.google.api.client.auth.oauth2.TokenRequest.execute(TokenRequest.java:324)
	at com.google.api.client.auth.oauth2.Credential.executeRefreshToken(Credential.java:547)
	at com.google.api.client.auth.oauth2.Credential.refreshToken(Credential.java:470)
	at com.google.api.client.auth.oauth2.Credential.intercept(Credential.java:201)
	at com.google.api.client.http.HttpRequest.execute(HttpRequest.java:880)
	at com.google.api.client.googleapis.services.AbstractGoogleClientRequest.executeUnparsed(AbstractGoogleClientRequest.java:552)
	at com.google.api.client.googleapis.services.AbstractGoogleClientRequest.executeUnparsed(AbstractGoogleClientRequest.java:493)
	at com.google.api.client.googleapis.services.AbstractGoogleClientRequest.execute(AbstractGoogleClientRequest.java:603)
	at GoogleTasksService.fetchAndWriteUpcomingTasks(GoogleTasksService.java:163)
	at VPNHeartbeatTray.lambda$startTasksLoop$1(VPNHeartbeatTray.java:70)
	at java.lang.Thread.run(Thread.java:750)
09:08:41.142 [GoogleTasks-Poller] ERROR GoogleTasksService - 拉取 Google Tasks 失败
com.google.api.client.auth.oauth2.TokenResponseException: 400 Bad Request
POST https://oauth2.googleapis.com/token
{
  "error": "invalid_grant",
  "error_description": "Token has been expired or revoked."
}
	at com.google.api.client.auth.oauth2.TokenResponseException.from(TokenResponseException.java:103)
	at com.google.api.client.auth.oauth2.TokenRequest.executeUnparsed(TokenRequest.java:308)
	at com.google.api.client.auth.oauth2.TokenRequest.execute(TokenRequest.java:324)
	at com.google.api.client.auth.oauth2.Credential.executeRefreshToken(Credential.java:547)
	at com.google.api.client.auth.oauth2.Credential.refreshToken(Credential.java:470)
	at com.google.api.client.auth.oauth2.Credential.intercept(Credential.java:201)
	at com.google.api.client.http.HttpRequest.execute(HttpRequest.java:880)
	at com.google.api.client.googleapis.services.AbstractGoogleClientRequest.executeUnparsed(AbstractGoogleClientRequest.java:552)
	at com.google.api.client.googleapis.services.AbstractGoogleClientRequest.executeUnparsed(AbstractGoogleClientRequest.java:493)
	at com.google.api.client.googleapis.services.AbstractGoogleClientRequest.execute(AbstractGoogleClientRequest.java:603)
	at GoogleTasksService.fetchAndWriteUpcomingTasks(GoogleTasksService.java:163)
	at VPNHeartbeatTray.lambda$startTasksLoop$1(VPNHeartbeatTray.java:70)
	at java.lang.Thread.run(Thread.java:750)
09:13:41.858 [GoogleTasks-Poller] ERROR GoogleTasksService - 拉取 Google Tasks 失败
com.google.api.client.auth.oauth2.TokenResponseException: 400 Bad Request
POST https://oauth2.googleapis.com/token
{
  "error": "invalid_grant",
  "error_description": "Token has been expired or revoked."
}
	at com.google.api.client.auth.oauth2.TokenResponseException.from(TokenResponseException.java:103)
	at com.google.api.client.auth.oauth2.TokenRequest.executeUnparsed(TokenRequest.java:308)
	at com.google.api.client.auth.oauth2.TokenRequest.execute(TokenRequest.java:324)
	at com.google.api.client.auth.oauth2.Credential.executeRefreshToken(Credential.java:547)
	at com.google.api.client.auth.oauth2.Credential.refreshToken(Credential.java:470)
	at com.google.api.client.auth.oauth2.Credential.intercept(Credential.java:201)
	at com.google.api.client.http.HttpRequest.execute(HttpRequest.java:880)
	at com.google.api.client.googleapis.services.AbstractGoogleClientRequest.executeUnparsed(AbstractGoogleClientRequest.java:552)
	at com.google.api.client.googleapis.services.AbstractGoogleClientRequest.executeUnparsed(AbstractGoogleClientRequest.java:493)
	at com.google.api.client.googleapis.services.AbstractGoogleClientRequest.execute(AbstractGoogleClientRequest.java:603)
	at GoogleTasksService.fetchAndWriteUpcomingTasks(GoogleTasksService.java:163)
	at VPNHeartbeatTray.lambda$startTasksLoop$1(VPNHeartbeatTray.java:70)
	at java.lang.Thread.run(Thread.java:750)
09:18:42.674 [GoogleTasks-Poller] ERROR GoogleTasksService - 拉取 Google Tasks 失败
com.google.api.client.auth.oauth2.TokenResponseException: 400 Bad Request
POST https://oauth2.googleapis.com/token
{
  "error": "invalid_grant",
  "error_description": "Token has been expired or revoked."
}
	at com.google.api.client.auth.oauth2.TokenResponseException.from(TokenResponseException.java:103)
	at com.google.api.client.auth.oauth2.TokenRequest.executeUnparsed(TokenRequest.java:308)
	at com.google.api.client.auth.oauth2.TokenRequest.execute(TokenRequest.java:324)
	at com.google.api.client.auth.oauth2.Credential.executeRefreshToken(Credential.java:547)
	at com.google.api.client.auth.oauth2.Credential.refreshToken(Credential.java:470)
	at com.google.api.client.auth.oauth2.Credential.intercept(Credential.java:201)
	at com.google.api.client.http.HttpRequest.execute(HttpRequest.java:880)
	at com.google.api.client.googleapis.services.AbstractGoogleClientRequest.executeUnparsed(AbstractGoogleClientRequest.java:552)
	at com.google.api.client.googleapis.services.AbstractGoogleClientRequest.executeUnparsed(AbstractGoogleClientRequest.java:493)
	at com.google.api.client.googleapis.services.AbstractGoogleClientRequest.execute(AbstractGoogleClientRequest.java:603)
	at GoogleTasksService.fetchAndWriteUpcomingTasks(GoogleTasksService.java:163)
	at VPNHeartbeatTray.lambda$startTasksLoop$1(VPNHeartbeatTray.java:70)
	at java.lang.Thread.run(Thread.java:750)
09:23:43.417 [GoogleTasks-Poller] ERROR GoogleTasksService - 拉取 Google Tasks 失败
com.google.api.client.auth.oauth2.TokenResponseException: 400 Bad Request
POST https://oauth2.googleapis.com/token
{
  "error": "invalid_grant",
  "error_description": "Token has been expired or revoked."
}
	at com.google.api.client.auth.oauth2.TokenResponseException.from(TokenResponseException.java:103)
	at com.google.api.client.auth.oauth2.TokenRequest.executeUnparsed(TokenRequest.java:308)
	at com.google.api.client.auth.oauth2.TokenRequest.execute(TokenRequest.java:324)
	at com.google.api.client.auth.oauth2.Credential.executeRefreshToken(Credential.java:547)
	at com.google.api.client.auth.oauth2.Credential.refreshToken(Credential.java:470)
	at com.google.api.client.auth.oauth2.Credential.intercept(Credential.java:201)
	at com.google.api.client.http.HttpRequest.execute(HttpRequest.java:880)
	at com.google.api.client.googleapis.services.AbstractGoogleClientRequest.executeUnparsed(AbstractGoogleClientRequest.java:552)
	at com.google.api.client.googleapis.services.AbstractGoogleClientRequest.executeUnparsed(AbstractGoogleClientRequest.java:493)
	at com.google.api.client.googleapis.services.AbstractGoogleClientRequest.execute(AbstractGoogleClientRequest.java:603)
	at GoogleTasksService.fetchAndWriteUpcomingTasks(GoogleTasksService.java:163)
	at VPNHeartbeatTray.lambda$startTasksLoop$1(VPNHeartbeatTray.java:70)
	at java.lang.Thread.run(Thread.java:750)
09:28:44.204 [GoogleTasks-Poller] ERROR GoogleTasksService - 拉取 Google Tasks 失败
com.google.api.client.auth.oauth2.TokenResponseException: 400 Bad Request
POST https://oauth2.googleapis.com/token
{
  "error": "invalid_grant",
  "error_description": "Token has been expired or revoked."
}
	at com.google.api.client.auth.oauth2.TokenResponseException.from(TokenResponseException.java:103)
	at com.google.api.client.auth.oauth2.TokenRequest.executeUnparsed(TokenRequest.java:308)
	at com.google.api.client.auth.oauth2.TokenRequest.execute(TokenRequest.java:324)
	at com.google.api.client.auth.oauth2.Credential.executeRefreshToken(Credential.java:547)
	at com.google.api.client.auth.oauth2.Credential.refreshToken(Credential.java:470)
	at com.google.api.client.auth.oauth2.Credential.intercept(Credential.java:201)
	at com.google.api.client.http.HttpRequest.execute(HttpRequest.java:880)
	at com.google.api.client.googleapis.services.AbstractGoogleClientRequest.executeUnparsed(AbstractGoogleClientRequest.java:552)
	at com.google.api.client.googleapis.services.AbstractGoogleClientRequest.executeUnparsed(AbstractGoogleClientRequest.java:493)
	at com.google.api.client.googleapis.services.AbstractGoogleClientRequest.execute(AbstractGoogleClientRequest.java:603)
	at GoogleTasksService.fetchAndWriteUpcomingTasks(GoogleTasksService.java:163)
	at VPNHeartbeatTray.lambda$startTasksLoop$1(VPNHeartbeatTray.java:70)
	at java.lang.Thread.run(Thread.java:750)
09:33:44.780 [GoogleTasks-Poller] ERROR GoogleTasksService - 拉取 Google Tasks 失败
com.google.api.client.auth.oauth2.TokenResponseException: 400 Bad Request
POST https://oauth2.googleapis.com/token
{
  "error": "invalid_grant",
  "error_description": "Token has been expired or revoked."
}
	at com.google.api.client.auth.oauth2.TokenResponseException.from(TokenResponseException.java:103)
	at com.google.api.client.auth.oauth2.TokenRequest.executeUnparsed(TokenRequest.java:308)
	at com.google.api.client.auth.oauth2.TokenRequest.execute(TokenRequest.java:324)
	at com.google.api.client.auth.oauth2.Credential.executeRefreshToken(Credential.java:547)
	at com.google.api.client.auth.oauth2.Credential.refreshToken(Credential.java:470)
	at com.google.api.client.auth.oauth2.Credential.intercept(Credential.java:201)
	at com.google.api.client.http.HttpRequest.execute(HttpRequest.java:880)
	at com.google.api.client.googleapis.services.AbstractGoogleClientRequest.executeUnparsed(AbstractGoogleClientRequest.java:552)
	at com.google.api.client.googleapis.services.AbstractGoogleClientRequest.executeUnparsed(AbstractGoogleClientRequest.java:493)
	at com.google.api.client.googleapis.services.AbstractGoogleClientRequest.execute(AbstractGoogleClientRequest.java:603)
	at GoogleTasksService.fetchAndWriteUpcomingTasks(GoogleTasksService.java:163)
	at VPNHeartbeatTray.lambda$startTasksLoop$1(VPNHeartbeatTray.java:70)
	at java.lang.Thread.run(Thread.java:750)
09:38:45.477 [GoogleTasks-Poller] ERROR GoogleTasksService - 拉取 Google Tasks 失败
com.google.api.client.auth.oauth2.TokenResponseException: 400 Bad Request
POST https://oauth2.googleapis.com/token
{
  "error": "invalid_grant",
  "error_description": "Token has been expired or revoked."
}
	at com.google.api.client.auth.oauth2.TokenResponseException.from(TokenResponseException.java:103)
	at com.google.api.client.auth.oauth2.TokenRequest.executeUnparsed(TokenRequest.java:308)
	at com.google.api.client.auth.oauth2.TokenRequest.execute(TokenRequest.java:324)
	at com.google.api.client.auth.oauth2.Credential.executeRefreshToken(Credential.java:547)
	at com.google.api.client.auth.oauth2.Credential.refreshToken(Credential.java:470)
	at com.google.api.client.auth.oauth2.Credential.intercept(Credential.java:201)
	at com.google.api.client.http.HttpRequest.execute(HttpRequest.java:880)
	at com.google.api.client.googleapis.services.AbstractGoogleClientRequest.executeUnparsed(AbstractGoogleClientRequest.java:552)
	at com.google.api.client.googleapis.services.AbstractGoogleClientRequest.executeUnparsed(AbstractGoogleClientRequest.java:493)
	at com.google.api.client.googleapis.services.AbstractGoogleClientRequest.execute(AbstractGoogleClientRequest.java:603)
	at GoogleTasksService.fetchAndWriteUpcomingTasks(GoogleTasksService.java:163)
	at VPNHeartbeatTray.lambda$startTasksLoop$1(VPNHeartbeatTray.java:70)
	at java.lang.Thread.run(Thread.java:750)
09:43:46.237 [GoogleTasks-Poller] ERROR GoogleTasksService - 拉取 Google Tasks 失败
com.google.api.client.auth.oauth2.TokenResponseException: 400 Bad Request
POST https://oauth2.googleapis.com/token
{
  "error": "invalid_grant",
  "error_description": "Token has been expired or revoked."
}
	at com.google.api.client.auth.oauth2.TokenResponseException.from(TokenResponseException.java:103)
	at com.google.api.client.auth.oauth2.TokenRequest.executeUnparsed(TokenRequest.java:308)
	at com.google.api.client.auth.oauth2.TokenRequest.execute(TokenRequest.java:324)
	at com.google.api.client.auth.oauth2.Credential.executeRefreshToken(Credential.java:547)
	at com.google.api.client.auth.oauth2.Credential.refreshToken(Credential.java:470)
	at com.google.api.client.auth.oauth2.Credential.intercept(Credential.java:201)
	at com.google.api.client.http.HttpRequest.execute(HttpRequest.java:880)
	at com.google.api.client.googleapis.services.AbstractGoogleClientRequest.executeUnparsed(AbstractGoogleClientRequest.java:552)
	at com.google.api.client.googleapis.services.AbstractGoogleClientRequest.executeUnparsed(AbstractGoogleClientRequest.java:493)
	at com.google.api.client.googleapis.services.AbstractGoogleClientRequest.execute(AbstractGoogleClientRequest.java:603)
	at GoogleTasksService.fetchAndWriteUpcomingTasks(GoogleTasksService.java:163)
	at VPNHeartbeatTray.lambda$startTasksLoop$1(VPNHeartbeatTray.java:70)
	at java.lang.Thread.run(Thread.java:750)
09:48:46.955 [GoogleTasks-Poller] ERROR GoogleTasksService - 拉取 Google Tasks 失败
com.google.api.client.auth.oauth2.TokenResponseException: 400 Bad Request
POST https://oauth2.googleapis.com/token
{
  "error": "invalid_grant",
  "error_description": "Token has been expired or revoked."
}
	at com.google.api.client.auth.oauth2.TokenResponseException.from(TokenResponseException.java:103)
	at com.google.api.client.auth.oauth2.TokenRequest.executeUnparsed(TokenRequest.java:308)
	at com.google.api.client.auth.oauth2.TokenRequest.execute(TokenRequest.java:324)
	at com.google.api.client.auth.oauth2.Credential.executeRefreshToken(Credential.java:547)
	at com.google.api.client.auth.oauth2.Credential.refreshToken(Credential.java:470)
	at com.google.api.client.auth.oauth2.Credential.intercept(Credential.java:201)
	at com.google.api.client.http.HttpRequest.execute(HttpRequest.java:880)
	at com.google.api.client.googleapis.services.AbstractGoogleClientRequest.executeUnparsed(AbstractGoogleClientRequest.java:552)
	at com.google.api.client.googleapis.services.AbstractGoogleClientRequest.executeUnparsed(AbstractGoogleClientRequest.java:493)
	at com.google.api.client.googleapis.services.AbstractGoogleClientRequest.execute(AbstractGoogleClientRequest.java:603)
	at GoogleTasksService.fetchAndWriteUpcomingTasks(GoogleTasksService.java:163)
	at VPNHeartbeatTray.lambda$startTasksLoop$1(VPNHeartbeatTray.java:70)
	at java.lang.Thread.run(Thread.java:750)
09:53:47.705 [GoogleTasks-Poller] ERROR GoogleTasksService - 拉取 Google Tasks 失败
com.google.api.client.auth.oauth2.TokenResponseException: 400 Bad Request
POST https://oauth2.googleapis.com/token
{
  "error": "invalid_grant",
  "error_description": "Token has been expired or revoked."
}
	at com.google.api.client.auth.oauth2.TokenResponseException.from(TokenResponseException.java:103)
	at com.google.api.client.auth.oauth2.TokenRequest.executeUnparsed(TokenRequest.java:308)
	at com.google.api.client.auth.oauth2.TokenRequest.execute(TokenRequest.java:324)
	at com.google.api.client.auth.oauth2.Credential.executeRefreshToken(Credential.java:547)
	at com.google.api.client.auth.oauth2.Credential.refreshToken(Credential.java:470)
	at com.google.api.client.auth.oauth2.Credential.intercept(Credential.java:201)
	at com.google.api.client.http.HttpRequest.execute(HttpRequest.java:880)
	at com.google.api.client.googleapis.services.AbstractGoogleClientRequest.executeUnparsed(AbstractGoogleClientRequest.java:552)
	at com.google.api.client.googleapis.services.AbstractGoogleClientRequest.executeUnparsed(AbstractGoogleClientRequest.java:493)
	at com.google.api.client.googleapis.services.AbstractGoogleClientRequest.execute(AbstractGoogleClientRequest.java:603)
	at GoogleTasksService.fetchAndWriteUpcomingTasks(GoogleTasksService.java:163)
	at VPNHeartbeatTray.lambda$startTasksLoop$1(VPNHeartbeatTray.java:70)
	at java.lang.Thread.run(Thread.java:750)
09:58:48.424 [GoogleTasks-Poller] ERROR GoogleTasksService - 拉取 Google Tasks 失败
com.google.api.client.auth.oauth2.TokenResponseException: 400 Bad Request
POST https://oauth2.googleapis.com/token
{
  "error": "invalid_grant",
  "error_description": "Token has been expired or revoked."
}
	at com.google.api.client.auth.oauth2.TokenResponseException.from(TokenResponseException.java:103)
	at com.google.api.client.auth.oauth2.TokenRequest.executeUnparsed(TokenRequest.java:308)
	at com.google.api.client.auth.oauth2.TokenRequest.execute(TokenRequest.java:324)
	at com.google.api.client.auth.oauth2.Credential.executeRefreshToken(Credential.java:547)
	at com.google.api.client.auth.oauth2.Credential.refreshToken(Credential.java:470)
	at com.google.api.client.auth.oauth2.Credential.intercept(Credential.java:201)
	at com.google.api.client.http.HttpRequest.execute(HttpRequest.java:880)
	at com.google.api.client.googleapis.services.AbstractGoogleClientRequest.executeUnparsed(AbstractGoogleClientRequest.java:552)
	at com.google.api.client.googleapis.services.AbstractGoogleClientRequest.executeUnparsed(AbstractGoogleClientRequest.java:493)
	at com.google.api.client.googleapis.services.AbstractGoogleClientRequest.execute(AbstractGoogleClientRequest.java:603)
	at GoogleTasksService.fetchAndWriteUpcomingTasks(GoogleTasksService.java:163)
	at VPNHeartbeatTray.lambda$startTasksLoop$1(VPNHeartbeatTray.java:70)
	at java.lang.Thread.run(Thread.java:750)
10:03:49.151 [GoogleTasks-Poller] ERROR GoogleTasksService - 拉取 Google Tasks 失败
com.google.api.client.auth.oauth2.TokenResponseException: 400 Bad Request
POST https://oauth2.googleapis.com/token
{
  "error": "invalid_grant",
  "error_description": "Token has been expired or revoked."
}
	at com.google.api.client.auth.oauth2.TokenResponseException.from(TokenResponseException.java:103)
	at com.google.api.client.auth.oauth2.TokenRequest.executeUnparsed(TokenRequest.java:308)
	at com.google.api.client.auth.oauth2.TokenRequest.execute(TokenRequest.java:324)
	at com.google.api.client.auth.oauth2.Credential.executeRefreshToken(Credential.java:547)
	at com.google.api.client.auth.oauth2.Credential.refreshToken(Credential.java:470)
	at com.google.api.client.auth.oauth2.Credential.intercept(Credential.java:201)
	at com.google.api.client.http.HttpRequest.execute(HttpRequest.java:880)
	at com.google.api.client.googleapis.services.AbstractGoogleClientRequest.executeUnparsed(AbstractGoogleClientRequest.java:552)
	at com.google.api.client.googleapis.services.AbstractGoogleClientRequest.executeUnparsed(AbstractGoogleClientRequest.java:493)
	at com.google.api.client.googleapis.services.AbstractGoogleClientRequest.execute(AbstractGoogleClientRequest.java:603)
	at GoogleTasksService.fetchAndWriteUpcomingTasks(GoogleTasksService.java:163)
	at VPNHeartbeatTray.lambda$startTasksLoop$1(VPNHeartbeatTray.java:70)
	at java.lang.Thread.run(Thread.java:750)
10:08:49.840 [GoogleTasks-Poller] ERROR GoogleTasksService - 拉取 Google Tasks 失败
com.google.api.client.auth.oauth2.TokenResponseException: 400 Bad Request
POST https://oauth2.googleapis.com/token
{
  "error": "invalid_grant",
  "error_description": "Token has been expired or revoked."
}
	at com.google.api.client.auth.oauth2.TokenResponseException.from(TokenResponseException.java:103)
	at com.google.api.client.auth.oauth2.TokenRequest.executeUnparsed(TokenRequest.java:308)
	at com.google.api.client.auth.oauth2.TokenRequest.execute(TokenRequest.java:324)
	at com.google.api.client.auth.oauth2.Credential.executeRefreshToken(Credential.java:547)
	at com.google.api.client.auth.oauth2.Credential.refreshToken(Credential.java:470)
	at com.google.api.client.auth.oauth2.Credential.intercept(Credential.java:201)
	at com.google.api.client.http.HttpRequest.execute(HttpRequest.java:880)
	at com.google.api.client.googleapis.services.AbstractGoogleClientRequest.executeUnparsed(AbstractGoogleClientRequest.java:552)
	at com.google.api.client.googleapis.services.AbstractGoogleClientRequest.executeUnparsed(AbstractGoogleClientRequest.java:493)
	at com.google.api.client.googleapis.services.AbstractGoogleClientRequest.execute(AbstractGoogleClientRequest.java:603)
	at GoogleTasksService.fetchAndWriteUpcomingTasks(GoogleTasksService.java:163)
	at VPNHeartbeatTray.lambda$startTasksLoop$1(VPNHeartbeatTray.java:70)
	at java.lang.Thread.run(Thread.java:750)
10:13:50.570 [GoogleTasks-Poller] ERROR GoogleTasksService - 拉取 Google Tasks 失败
com.google.api.client.auth.oauth2.TokenResponseException: 400 Bad Request
POST https://oauth2.googleapis.com/token
{
  "error": "invalid_grant",
  "error_description": "Token has been expired or revoked."
}
	at com.google.api.client.auth.oauth2.TokenResponseException.from(TokenResponseException.java:103)
	at com.google.api.client.auth.oauth2.TokenRequest.executeUnparsed(TokenRequest.java:308)
	at com.google.api.client.auth.oauth2.TokenRequest.execute(TokenRequest.java:324)
	at com.google.api.client.auth.oauth2.Credential.executeRefreshToken(Credential.java:547)
	at com.google.api.client.auth.oauth2.Credential.refreshToken(Credential.java:470)
	at com.google.api.client.auth.oauth2.Credential.intercept(Credential.java:201)
	at com.google.api.client.http.HttpRequest.execute(HttpRequest.java:880)
	at com.google.api.client.googleapis.services.AbstractGoogleClientRequest.executeUnparsed(AbstractGoogleClientRequest.java:552)
	at com.google.api.client.googleapis.services.AbstractGoogleClientRequest.executeUnparsed(AbstractGoogleClientRequest.java:493)
	at com.google.api.client.googleapis.services.AbstractGoogleClientRequest.execute(AbstractGoogleClientRequest.java:603)
	at GoogleTasksService.fetchAndWriteUpcomingTasks(GoogleTasksService.java:163)
	at VPNHeartbeatTray.lambda$startTasksLoop$1(VPNHeartbeatTray.java:70)
	at java.lang.Thread.run(Thread.java:750)
10:18:51.312 [GoogleTasks-Poller] ERROR GoogleTasksService - 拉取 Google Tasks 失败
com.google.api.client.auth.oauth2.TokenResponseException: 400 Bad Request
POST https://oauth2.googleapis.com/token
{
  "error": "invalid_grant",
  "error_description": "Token has been expired or revoked."
}
	at com.google.api.client.auth.oauth2.TokenResponseException.from(TokenResponseException.java:103)
	at com.google.api.client.auth.oauth2.TokenRequest.executeUnparsed(TokenRequest.java:308)
	at com.google.api.client.auth.oauth2.TokenRequest.execute(TokenRequest.java:324)
	at com.google.api.client.auth.oauth2.Credential.executeRefreshToken(Credential.java:547)
	at com.google.api.client.auth.oauth2.Credential.refreshToken(Credential.java:470)
	at com.google.api.client.auth.oauth2.Credential.intercept(Credential.java:201)
	at com.google.api.client.http.HttpRequest.execute(HttpRequest.java:880)
	at com.google.api.client.googleapis.services.AbstractGoogleClientRequest.executeUnparsed(AbstractGoogleClientRequest.java:552)
	at com.google.api.client.googleapis.services.AbstractGoogleClientRequest.executeUnparsed(AbstractGoogleClientRequest.java:493)
	at com.google.api.client.googleapis.services.AbstractGoogleClientRequest.execute(AbstractGoogleClientRequest.java:603)
	at GoogleTasksService.fetchAndWriteUpcomingTasks(GoogleTasksService.java:163)
	at VPNHeartbeatTray.lambda$startTasksLoop$1(VPNHeartbeatTray.java:70)
	at java.lang.Thread.run(Thread.java:750)
10:23:51.941 [GoogleTasks-Poller] ERROR GoogleTasksService - 拉取 Google Tasks 失败
com.google.api.client.auth.oauth2.TokenResponseException: 400 Bad Request
POST https://oauth2.googleapis.com/token
{
  "error": "invalid_grant",
  "error_description": "Token has been expired or revoked."
}
	at com.google.api.client.auth.oauth2.TokenResponseException.from(TokenResponseException.java:103)
	at com.google.api.client.auth.oauth2.TokenRequest.executeUnparsed(TokenRequest.java:308)
	at com.google.api.client.auth.oauth2.TokenRequest.execute(TokenRequest.java:324)
	at com.google.api.client.auth.oauth2.Credential.executeRefreshToken(Credential.java:547)
	at com.google.api.client.auth.oauth2.Credential.refreshToken(Credential.java:470)
	at com.google.api.client.auth.oauth2.Credential.intercept(Credential.java:201)
	at com.google.api.client.http.HttpRequest.execute(HttpRequest.java:880)
	at com.google.api.client.googleapis.services.AbstractGoogleClientRequest.executeUnparsed(AbstractGoogleClientRequest.java:552)
	at com.google.api.client.googleapis.services.AbstractGoogleClientRequest.executeUnparsed(AbstractGoogleClientRequest.java:493)
	at com.google.api.client.googleapis.services.AbstractGoogleClientRequest.execute(AbstractGoogleClientRequest.java:603)
	at GoogleTasksService.fetchAndWriteUpcomingTasks(GoogleTasksService.java:163)
	at VPNHeartbeatTray.lambda$startTasksLoop$1(VPNHeartbeatTray.java:70)
	at java.lang.Thread.run(Thread.java:750)
10:28:52.654 [GoogleTasks-Poller] ERROR GoogleTasksService - 拉取 Google Tasks 失败
com.google.api.client.auth.oauth2.TokenResponseException: 400 Bad Request
POST https://oauth2.googleapis.com/token
{
  "error": "invalid_grant",
  "error_description": "Token has been expired or revoked."
}
	at com.google.api.client.auth.oauth2.TokenResponseException.from(TokenResponseException.java:103)
	at com.google.api.client.auth.oauth2.TokenRequest.executeUnparsed(TokenRequest.java:308)
	at com.google.api.client.auth.oauth2.TokenRequest.execute(TokenRequest.java:324)
	at com.google.api.client.auth.oauth2.Credential.executeRefreshToken(Credential.java:547)
	at com.google.api.client.auth.oauth2.Credential.refreshToken(Credential.java:470)
	at com.google.api.client.auth.oauth2.Credential.intercept(Credential.java:201)
	at com.google.api.client.http.HttpRequest.execute(HttpRequest.java:880)
	at com.google.api.client.googleapis.services.AbstractGoogleClientRequest.executeUnparsed(AbstractGoogleClientRequest.java:552)
	at com.google.api.client.googleapis.services.AbstractGoogleClientRequest.executeUnparsed(AbstractGoogleClientRequest.java:493)
	at com.google.api.client.googleapis.services.AbstractGoogleClientRequest.execute(AbstractGoogleClientRequest.java:603)
	at GoogleTasksService.fetchAndWriteUpcomingTasks(GoogleTasksService.java:163)
	at VPNHeartbeatTray.lambda$startTasksLoop$1(VPNHeartbeatTray.java:70)
	at java.lang.Thread.run(Thread.java:750)
10:33:53.192 [GoogleTasks-Poller] ERROR GoogleTasksService - 拉取 Google Tasks 失败
com.google.api.client.auth.oauth2.TokenResponseException: 400 Bad Request
POST https://oauth2.googleapis.com/token
{
  "error": "invalid_grant",
  "error_description": "Token has been expired or revoked."
}
	at com.google.api.client.auth.oauth2.TokenResponseException.from(TokenResponseException.java:103)
	at com.google.api.client.auth.oauth2.TokenRequest.executeUnparsed(TokenRequest.java:308)
	at com.google.api.client.auth.oauth2.TokenRequest.execute(TokenRequest.java:324)
	at com.google.api.client.auth.oauth2.Credential.executeRefreshToken(Credential.java:547)
	at com.google.api.client.auth.oauth2.Credential.refreshToken(Credential.java:470)
	at com.google.api.client.auth.oauth2.Credential.intercept(Credential.java:201)
	at com.google.api.client.http.HttpRequest.execute(HttpRequest.java:880)
	at com.google.api.client.googleapis.services.AbstractGoogleClientRequest.executeUnparsed(AbstractGoogleClientRequest.java:552)
	at com.google.api.client.googleapis.services.AbstractGoogleClientRequest.executeUnparsed(AbstractGoogleClientRequest.java:493)
	at com.google.api.client.googleapis.services.AbstractGoogleClientRequest.execute(AbstractGoogleClientRequest.java:603)
	at GoogleTasksService.fetchAndWriteUpcomingTasks(GoogleTasksService.java:163)
	at VPNHeartbeatTray.lambda$startTasksLoop$1(VPNHeartbeatTray.java:70)
	at java.lang.Thread.run(Thread.java:750)
